Archive member included to satisfy reference by file (symbol)

c:/program files (x86)/atmel/studio/7.0/toolchain/avr8/avr8-gnu-toolchain/bin/../lib/gcc/avr/5.4.0/../../../../avr/lib/avrxmega6\libm.a(addsf3.o)
                              NHD0420Driver.o (__subsf3)
c:/program files (x86)/atmel/studio/7.0/toolchain/avr8/avr8-gnu-toolchain/bin/../lib/gcc/avr/5.4.0/../../../../avr/lib/avrxmega6\libm.a(addsf3x.o)
                              c:/program files (x86)/atmel/studio/7.0/toolchain/avr8/avr8-gnu-toolchain/bin/../lib/gcc/avr/5.4.0/../../../../avr/lib/avrxmega6\libm.a(addsf3.o) (__addsf3x)
c:/program files (x86)/atmel/studio/7.0/toolchain/avr8/avr8-gnu-toolchain/bin/../lib/gcc/avr/5.4.0/../../../../avr/lib/avrxmega6\libm.a(cmpsf2.o)
                              NHD0420Driver.o (__eqsf2)
c:/program files (x86)/atmel/studio/7.0/toolchain/avr8/avr8-gnu-toolchain/bin/../lib/gcc/avr/5.4.0/../../../../avr/lib/avrxmega6\libm.a(divsf3.o)
                              main.o (__divsf3)
c:/program files (x86)/atmel/studio/7.0/toolchain/avr8/avr8-gnu-toolchain/bin/../lib/gcc/avr/5.4.0/../../../../avr/lib/avrxmega6\libm.a(divsf3x.o)
                              c:/program files (x86)/atmel/studio/7.0/toolchain/avr8/avr8-gnu-toolchain/bin/../lib/gcc/avr/5.4.0/../../../../avr/lib/avrxmega6\libm.a(divsf3.o) (__divsf3x)
c:/program files (x86)/atmel/studio/7.0/toolchain/avr8/avr8-gnu-toolchain/bin/../lib/gcc/avr/5.4.0/../../../../avr/lib/avrxmega6\libm.a(fixsfsi.o)
                              main.o (__fixsfsi)
c:/program files (x86)/atmel/studio/7.0/toolchain/avr8/avr8-gnu-toolchain/bin/../lib/gcc/avr/5.4.0/../../../../avr/lib/avrxmega6\libm.a(fixunssfsi.o)
                              main.o (__fixunssfsi)
c:/program files (x86)/atmel/studio/7.0/toolchain/avr8/avr8-gnu-toolchain/bin/../lib/gcc/avr/5.4.0/../../../../avr/lib/avrxmega6\libm.a(floatsisf.o)
                              main.o (__floatunsisf)
c:/program files (x86)/atmel/studio/7.0/toolchain/avr8/avr8-gnu-toolchain/bin/../lib/gcc/avr/5.4.0/../../../../avr/lib/avrxmega6\libm.a(fp_cmp.o)
                              c:/program files (x86)/atmel/studio/7.0/toolchain/avr8/avr8-gnu-toolchain/bin/../lib/gcc/avr/5.4.0/../../../../avr/lib/avrxmega6\libm.a(cmpsf2.o) (__fp_cmp)
c:/program files (x86)/atmel/studio/7.0/toolchain/avr8/avr8-gnu-toolchain/bin/../lib/gcc/avr/5.4.0/../../../../avr/lib/avrxmega6\libm.a(fp_inf.o)
                              c:/program files (x86)/atmel/studio/7.0/toolchain/avr8/avr8-gnu-toolchain/bin/../lib/gcc/avr/5.4.0/../../../../avr/lib/avrxmega6\libm.a(addsf3x.o) (__fp_inf)
c:/program files (x86)/atmel/studio/7.0/toolchain/avr8/avr8-gnu-toolchain/bin/../lib/gcc/avr/5.4.0/../../../../avr/lib/avrxmega6\libm.a(fp_nan.o)
                              c:/program files (x86)/atmel/studio/7.0/toolchain/avr8/avr8-gnu-toolchain/bin/../lib/gcc/avr/5.4.0/../../../../avr/lib/avrxmega6\libm.a(addsf3x.o) (__fp_nan)
c:/program files (x86)/atmel/studio/7.0/toolchain/avr8/avr8-gnu-toolchain/bin/../lib/gcc/avr/5.4.0/../../../../avr/lib/avrxmega6\libm.a(fp_pscA.o)
                              c:/program files (x86)/atmel/studio/7.0/toolchain/avr8/avr8-gnu-toolchain/bin/../lib/gcc/avr/5.4.0/../../../../avr/lib/avrxmega6\libm.a(addsf3x.o) (__fp_pscA)
c:/program files (x86)/atmel/studio/7.0/toolchain/avr8/avr8-gnu-toolchain/bin/../lib/gcc/avr/5.4.0/../../../../avr/lib/avrxmega6\libm.a(fp_pscB.o)
                              c:/program files (x86)/atmel/studio/7.0/toolchain/avr8/avr8-gnu-toolchain/bin/../lib/gcc/avr/5.4.0/../../../../avr/lib/avrxmega6\libm.a(addsf3x.o) (__fp_pscB)
c:/program files (x86)/atmel/studio/7.0/toolchain/avr8/avr8-gnu-toolchain/bin/../lib/gcc/avr/5.4.0/../../../../avr/lib/avrxmega6\libm.a(fp_round.o)
                              c:/program files (x86)/atmel/studio/7.0/toolchain/avr8/avr8-gnu-toolchain/bin/../lib/gcc/avr/5.4.0/../../../../avr/lib/avrxmega6\libm.a(addsf3.o) (__fp_round)
c:/program files (x86)/atmel/studio/7.0/toolchain/avr8/avr8-gnu-toolchain/bin/../lib/gcc/avr/5.4.0/../../../../avr/lib/avrxmega6\libm.a(fp_split3.o)
                              c:/program files (x86)/atmel/studio/7.0/toolchain/avr8/avr8-gnu-toolchain/bin/../lib/gcc/avr/5.4.0/../../../../avr/lib/avrxmega6\libm.a(addsf3x.o) (__fp_split3)
c:/program files (x86)/atmel/studio/7.0/toolchain/avr8/avr8-gnu-toolchain/bin/../lib/gcc/avr/5.4.0/../../../../avr/lib/avrxmega6\libm.a(fp_zero.o)
                              c:/program files (x86)/atmel/studio/7.0/toolchain/avr8/avr8-gnu-toolchain/bin/../lib/gcc/avr/5.4.0/../../../../avr/lib/avrxmega6\libm.a(addsf3x.o) (__fp_zero)
c:/program files (x86)/atmel/studio/7.0/toolchain/avr8/avr8-gnu-toolchain/bin/../lib/gcc/avr/5.4.0/../../../../avr/lib/avrxmega6\libm.a(gesf2.o)
                              NHD0420Driver.o (__gesf2)
c:/program files (x86)/atmel/studio/7.0/toolchain/avr8/avr8-gnu-toolchain/bin/../lib/gcc/avr/5.4.0/../../../../avr/lib/avrxmega6\libm.a(mulsf3.o)
[...]
Memory Configuration

Name             Origin             Length             Attributes
text             0x00000000         0x00022000         xr
data             0x00802000         0x00002000         rw !x
eeprom           0x00810000         0x00000800         rw !x
fuse             0x00820000         0x00000006         rw !x
lock             0x00830000         0x00000400         rw !x
signature        0x00840000         0x00000400         rw !x
user_signatures  0x00850000         0x00000400         rw !x
*default*        0x00000000         0xffffffff

Linker script and memory map

LOAD C:/Program Files (x86)/Atmel/Studio/7.0/Packs/atmel/XMEGAA_DFP/1.3.146/gcc/dev/atxmega128a3u/avrxmega6/crtatxmega128a3u.o
LOAD ButtonHandler.o
LOAD driver/clksys_driver.o
LOAD driver/pmic_driver.o
LOAD driver/port_driver.o
LOAD driver/TC_driver.o
LOAD errorHandler.o
LOAD FreeRTOS/croutine.o
LOAD FreeRTOS/event_groups.o
LOAD FreeRTOS/heap_1.o
LOAD FreeRTOS/list.o
LOAD FreeRTOS/port.o
LOAD FreeRTOS/queue.o
LOAD FreeRTOS/stream_buffer.o
LOAD FreeRTOS/tasks.o
LOAD FreeRTOS/timers.o
LOAD init.o
LOAD main.o
LOAD mem_check.o
LOAD NHD0420Driver.o
LOAD utils.o
START GROUP
LOAD c:/program files (x86)/atmel/studio/7.0/toolchain/avr8/avr8-gnu-toolchain/bin/../lib/gcc/avr/5.4.0/../../../../avr/lib/avrxmega6\libm.a
END GROUP
START GROUP
LOAD c:/program files (x86)/atmel/studio/7.0/toolchain/avr8/avr8-gnu-toolchain/bin/../lib/gcc/avr/5.4.0/avrxmega6\libgcc.a
LOAD c:/program files (x86)/atmel/studio/7.0/toolchain/avr8/avr8-gnu-toolchain/bin/../lib/gcc/avr/5.4.0/../../../../avr/lib/avrxmega6\libm.a
LOAD c:/program files (x86)/atmel/studio/7.0/toolchain/avr8/avr8-gnu-toolchain/bin/../lib/gcc/avr/5.4.0/../../../../avr/lib/avrxmega6\libc.a
LOAD C:/Program Files (x86)/Atmel/Studio/7.0/Packs/atmel/XMEGAA_DFP/1.3.146/gcc/dev/atxmega128a3u/avrxmega6\libatxmega128a3u.a
END GROUP
                [0x00000000]                __TEXT_REGION_ORIGIN__ = DEFINED (__TEXT_REGION_ORIGIN__)?__TEXT_REGION_ORIGIN__:0x0
                [0x00802000]                __DATA_REGION_ORIGIN__ = DEFINED (__DATA_REGION_ORIGIN__)?__DATA_REGION_ORIGIN__:0x802000
                [0x00022000]                __TEXT_REGION_LENGTH__ = DEFINED (__TEXT_REGION_LENGTH__)?__TEXT_REGION_LENGTH__:0x100000
                [0x00002000]                __DATA_REGION_LENGTH__ = DEFINED (__DATA_REGION_LENGTH__)?__DATA_REGION_LENGTH__:0xffa0
                [0x00000800]                __EEPROM_REGION_LENGTH__ = DEFINED (__EEPROM_REGION_LENGTH__)?__EEPROM_REGION_LENGTH__:0x10000
                [0x00000006]                __FUSE_REGION_LENGTH__ = DEFINED (__FUSE_REGION_LENGTH__)?__FUSE_REGION_LENGTH__:0x400
                0x00000400                __LOCK_REGION_LENGTH__ = DEFINED (__LOCK_REGION_LENGTH__)?__LOCK_REGION_LENGTH__:0x400
                0x00000400                __SIGNATURE_REGION_LENGTH__ = DEFINED (__SIGNATURE_REGION_LENGTH__)?__SIGNATURE_REGION_LENGTH__:0x400
                0x00000400                __USER_SIGNATURE_REGION_LENGTH__ = DEFINED (__USER_SIGNATURE_REGION_LENGTH__)?__USER_SIGNATURE_REGION_LENGTH__:0x400

.hash
 *(.hash)

.dynsym
 *(.dynsym)

.dynstr
 *(.dynstr)

.gnu.version
 *(.gnu.version)

.gnu.version_d
 *(.gnu.version_d)

.gnu.version_r
 *(.gnu.version_r)

.rel.init
 *(.rel.init)

.rela.init
 *(.rela.init)

.rel.text
 *(.rel.text)
 *(.rel.text.*)
 *(.rel.gnu.linkonce.t*)

.rela.text
 *(.rela.text)
 *(.rela.text.*)
 *(.rela.gnu.linkonce.t*)

.rel.fini
 *(.rel.fini)

.rela.fini
 *(.rela.fini)

.rel.rodata
 *(.rel.rodata)
 *(.rel.rodata.*)
 *(.rel.gnu.linkonce.r*)

.rela.rodata
 *(.rela.rodata)
 *(.rela.rodata.*)
 *(.rela.gnu.linkonce.r*)

.rel.data
 *(.rel.data)
 *(.rel.data.*)
 *(.rel.gnu.linkonce.d*)

.rela.data
 *(.rela.data)
 *(.rela.data.*)
 *(.rela.gnu.linkonce.d*)

.rel.ctors
 *(.rel.ctors)

.rela.ctors
 *(.rela.ctors)

.rel.dtors
 *(.rel.dtors)

.rela.dtors
 *(.rela.dtors)

.rel.got
 *(.rel.got)

.rela.got
 *(.rela.got)

.rel.bss
 *(.rel.bss)

.rela.bss
 *(.rela.bss)

.rel.plt
 *(.rel.plt)

.rela.plt
 *(.rela.plt)

.text           0x00000000     0x41c0
 *(.vectors)
 .vectors       0x00000000      0x1fc C:/Program Files (x86)/Atmel/Studio/7.0/Packs/atmel/XMEGAA_DFP/1.3.146/gcc/dev/atxmega128a3u/avrxmega6/crtatxmega128a3u.o
                0x00000000                __vector_default
                0x00000000                __vectors
 *(.vectors)
 *(.progmem.gcc*)
 .progmem.gcc_sw_table.prvProcessReceivedCommands
                0x000001fc       0x14 FreeRTOS/timers.o
                0x00000210                . = ALIGN (0x2)
                0x00000210                __trampolines_start = .
 *(.trampolines)
 .trampolines   0x00000210       0x34 linker stubs
 *(.trampolines*)
                0x00000244                __trampolines_end = .
 *libprintf_flt.a:*(.progmem.data)
 *libc.a:*(.progmem.data)
 *(.progmem*)
                0x00000244                . = ALIGN (0x2)
 *(.jumptables)
 *(.jumptables*)
 *(.lowtext)
 *(.lowtext*)
                0x00000244                __ctors_start = .
 *(.ctors)
                0x00000244                __ctors_end = .
                0x00000244                __dtors_start = .
 *(.dtors)
                0x00000244                __dtors_end = .
 SORT(*)(.ctors)
 SORT(*)(.dtors)
 *(.init0)
 .init0         0x00000244        0x0 C:/Program Files (x86)/Atmel/Studio/7.0/Packs/atmel/XMEGAA_DFP/1.3.146/gcc/dev/atxmega128a3u/avrxmega6/crtatxmega128a3u.o
                0x00000244                __init
 *(.init0)
 *(.init1)
 *(.init1)
 *(.init2)
 .init2         0x00000244       0x10 C:/Program Files (x86)/Atmel/Studio/7.0/Packs/atmel/XMEGAA_DFP/1.3.146/gcc/dev/atxmega128a3u/avrxmega6/crtatxmega128a3u.o
 *(.init2)
 *(.init3)
 .init3         0x00000254       0x10 mem_check.o
                0x00000254                init_mem
 *(.init3)
 *(.init4)
 .init4         0x00000264       0x1a c:/program files (x86)/atmel/studio/7.0/toolchain/avr8/avr8-gnu-toolchain/bin/../lib/gcc/avr/5.4.0/avrxmega6\libgcc.a(_copy_data.o)
                0x00000264                __do_copy_data
 .init4         0x0000027e       0x10 c:/program files (x86)/atmel/studio/7.0/toolchain/avr8/avr8-gnu-toolchain/bin/../lib/gcc/avr/5.4.0/avrxmega6\libgcc.a(_clear_bss.o)
                0x0000027e                __do_clear_bss
 *(.init4)
 *(.init5)
 *(.init5)
 *(.init6)
 *(.init6)
 *(.init7)
 *(.init7)
 *(.init8)
 *(.init8)
 *(.init9)
 .init9         0x0000028e        0x8 C:/Program Files (x86)/Atmel/Studio/7.0/Packs/atmel/XMEGAA_DFP/1.3.146/gcc/dev/atxmega128a3u/avrxmega6/crtatxmega128a3u.o
 *(.init9)
 *(.text)
 .text          0x00000296        0x4 C:/Program Files (x86)/Atmel/Studio/7.0/Packs/atmel/XMEGAA_DFP/1.3.146/gcc/dev/atxmega128a3u/avrxmega6/crtatxmega128a3u.o
                0x00000296                __vector_38
                0x00000296                __vector_104
                0x00000296                __vector_22
                0x00000296                __vector_63
                0x00000296                __vector_28
                0x00000296                __vector_67
                0x00000296                __vector_1
                0x00000296                __vector_119
                0x00000296                __vector_32
                0x00000296                __vector_75
                0x00000296                __vector_71
                0x00000296                __vector_91
                0x00000296                __vector_34
                0x00000296                __vector_62
                0x00000296                __vector_77
                0x00000296                __vector_102
                0x00000296                __vector_24
                0x00000296                __vector_12
                0x00000296                __vector_55
                0x00000296                __vector_69
                0x00000296                __vector_81
                0x00000296                __vector_90
                0x00000296                __vector_46
                0x00000296                __bad_interrupt
                0x00000296                __vector_122
                0x00000296                __vector_72
                0x00000296                __vector_114
                0x00000296                __vector_6
                0x00000296                __vector_110
                0x00000296                __vector_31
                0x00000296                __vector_92
                0x00000296                __vector_35
                0x00000296                __vector_78
                0x00000296                __vector_74
                0x00000296                __vector_117
                0x00000296                __vector_39
                0x00000296                __vector_107
                0x00000296                __vector_3
                0x00000296                __vector_105
                0x00000296                __vector_98
                0x00000296                __vector_23
                0x00000296                __vector_68
                0x00000296                __vector_30
                0x00000296                __vector_73
                0x00000296                __vector_45
                0x00000296                __vector_25
                0x00000296                __vector_93
                0x00000296                __vector_61
                0x00000296                __vector_11
                0x00000296                __vector_54
                0x00000296                __vector_99
                0x00000296                __vector_13
                0x00000296                __vector_17
                0x00000296                __vector_19
                0x00000296                __vector_56
                0x00000296                __vector_7
                0x00000296                __vector_125
                0x00000296                __vector_49
                0x00000296                __vector_123
                0x00000296                __vector_41
                0x00000296                __vector_86
                0x00000296                __vector_100
                0x00000296                __vector_101
                0x00000296                __vector_64
                0x00000296                __vector_88
                0x00000296                __vector_109
                0x00000296                __vector_43
                0x00000296                __vector_27
                0x00000296                __vector_5
                0x00000296                __vector_113
                0x00000296                __vector_33
                0x00000296                __vector_76
                0x00000296                __vector_115
                0x00000296                __vector_47
                0x00000296                __vector_52
                0x00000296                __vector_37
                0x00000296                __vector_95
                0x00000296                __vector_103
                0x00000296                __vector_96
                0x00000296                __vector_89
                0x00000296                __vector_4
                0x00000296                __vector_44
                0x00000296                __vector_82
                0x00000296                __vector_106
                0x00000296                __vector_118
                0x00000296                __vector_51
                0x00000296                __vector_9
                0x00000296                __vector_2
                0x00000296                __vector_21
                0x00000296                __vector_15
                0x00000296                __vector_66
                0x00000296                __vector_36
                0x00000296                __vector_79
                0x00000296                __vector_58
                0x00000296                __vector_70
                0x00000296                __vector_83
                0x00000296                __vector_29
                0x00000296                __vector_60
                0x00000296                __vector_121
                0x00000296                __vector_40
                0x00000296                __vector_85
                0x00000296                __vector_94
                0x00000296                __vector_126
                0x00000296                __vector_8
                0x00000296                __vector_26
                0x00000296                __vector_48
                0x00000296                __vector_124
                0x00000296                __vector_116
                0x00000296                __vector_112
                0x00000296                __vector_111
                0x00000296                __vector_80
                0x00000296                __vector_84
                0x00000296                __vector_57
                0x00000296                __vector_53
                0x00000296                __vector_10
                0x00000296                __vector_50
                0x00000296                __vector_16
                0x00000296                __vector_59
                0x00000296                __vector_18
                0x00000296                __vector_97
                0x00000296                __vector_20
                0x00000296                __vector_42
                0x00000296                __vector_87
                0x00000296                __vector_65
                0x00000296                __vector_120
                0x0000029a                . = ALIGN (0x2)
 *(.text.*)
 .text.initButtons
                0x0000029a       0x16 ButtonHandler.o
                0x0000029a                initButtons
 .text.updateButtons
                0x000002b0      0x14a ButtonHandler.o
                0x000002b0                updateButtons
 .text.getButtonPress
                0x000003fa       0x2c ButtonHandler.o
                0x000003fa                getButtonPress
 .text.CCPWrite
                0x00000426       0x2a driver/clksys_driver.o
                0x00000426                CCPWrite
 .text.CLKSYS_XOSC_Config
                0x00000450       0x14 driver/clksys_driver.o
                0x00000450                CLKSYS_XOSC_Config
 .text.CLKSYS_PLL_Config
                0x00000464        0xa driver/clksys_driver.o
                0x00000464                CLKSYS_PLL_Config
 .text.CLKSYS_Disable
                0x0000046e       0x14 driver/clksys_driver.o
                0x0000046e                CLKSYS_Disable
 .text.CLKSYS_Prescalers_Config
                0x00000482        0xc driver/clksys_driver.o
                0x00000482                CLKSYS_Prescalers_Config
 .text.CLKSYS_Main_ClockSource_Select
                0x0000048e       0x2a driver/clksys_driver.o
                0x0000048e                CLKSYS_Main_ClockSource_Select
 .text.TC0_ConfigClockSource
                0x000004b8        0xc driver/TC_driver.o
                0x000004b8                TC0_ConfigClockSource
 .text.TC0_ConfigWGM
                0x000004c4        0xc driver/TC_driver.o
                0x000004c4                TC0_ConfigWGM
 .text.TC0_SetOverflowIntLevel
                0x000004d0        0xc driver/TC_driver.o
                0x000004d0                TC0_SetOverflowIntLevel
 .text.software_reset
                0x000004dc        0xe errorHandler.o
                0x000004dc                software_reset
 .text.error    0x000004ea        0x6 errorHandler.o
                0x000004ea                error
 .text.vApplicationStackOverflowHook
                0x000004f0        0x8 errorHandler.o
                0x000004f0                vApplicationStackOverflowHook
 .text.prvTestWaitCondition
                0x000004f8       0x42 FreeRTOS/event_groups.o
 .text.xEventGroupCreate
                0x0000053a       0x2a FreeRTOS/event_groups.o
                0x0000053a                xEventGroupCreate
 .text.xEventGroupWaitBits
                0x00000564      0x14e FreeRTOS/event_groups.o
                0x00000564                xEventGroupWaitBits
 .text.xEventGroupClearBits
                0x000006b2       0x42 FreeRTOS/event_groups.o
                0x000006b2                xEventGroupClearBits
 .text.xEventGroupSetBits
                0x000006f4      0x11c FreeRTOS/event_groups.o
                0x000006f4                xEventGroupSetBits
 .text.vEventGroupSetBitsCallback
                0x00000810        0x6 FreeRTOS/event_groups.o
                0x00000810                vEventGroupSetBitsCallback
 .text.xEventGroupSetBitsFromISR
                0x00000816       0x1a FreeRTOS/event_groups.o
                0x00000816                xEventGroupSetBitsFromISR
 .text.pvPortMalloc
                0x00000830       0x4c FreeRTOS/heap_1.o
                0x00000830                pvPortMalloc
 .text.vPortFree
                0x0000087c        0x2 FreeRTOS/heap_1.o
                0x0000087c                vPortFree
 .text.vListInitialise
                0x0000087e       0x22 FreeRTOS/list.o
                0x0000087e                vListInitialise
 .text.vListInitialiseItem
                0x000008a0        0x8 FreeRTOS/list.o
                0x000008a0                vListInitialiseItem
 .text.vListInsertEnd
                0x000008a8       0x42 FreeRTOS/list.o
                0x000008a8                vListInsertEnd
 .text.vListInsert
                0x000008ea       0x7a FreeRTOS/list.o
                0x000008ea                vListInsert
 .text.uxListRemove
                0x00000964       0x4e FreeRTOS/list.o
                0x00000964                uxListRemove
 .text.prvSetupTimerInterrupt
                0x000009b2       0x22 FreeRTOS/port.o
 .text._portSetInterruptMaskFromIsr
                0x000009d4        0xe FreeRTOS/port.o
                0x000009d4                _portSetInterruptMaskFromIsr
 .text.portTaskIncrementTick
                0x000009e2       0x14 FreeRTOS/port.o
 .text.pxPortInitialiseStack
                0x000009f6       0xfa FreeRTOS/port.o
                0x000009f6                pxPortInitialiseStack
 .text.xPortStartScheduler
                0x00000af0       0x64 FreeRTOS/port.o
                0x00000af0                xPortStartScheduler
 .text.vPortYield
                0x00000b54       0xc2 FreeRTOS/port.o
                0x00000b54                vPortYield
 .text.portTaskSwitchContext
                0x00000c16       0x3e FreeRTOS/port.o
                0x00000c16                portTaskSwitchContext
 .text.__vector_14
                0x00000c54       0xc8 FreeRTOS/port.o
                0x00000c54                __vector_14
 .text.prvIsQueueEmpty
                0x00000d1c       0x22 FreeRTOS/queue.o
 .text.prvIsQueueFull
                0x00000d3e       0x24 FreeRTOS/queue.o
 .text.prvCopyDataToQueue
                0x00000d62       0x92 FreeRTOS/queue.o
 .text.prvCopyDataFromQueue
                0x00000df4       0x34 FreeRTOS/queue.o
 .text.prvUnlockQueue
                0x00000e28       0x78 FreeRTOS/queue.o
 .text.xQueueGenericReset
                0x00000ea0       0x94 FreeRTOS/queue.o
                0x00000ea0                xQueueGenericReset
 .text.prvInitialiseNewQueue
                0x00000f34       0x36 FreeRTOS/queue.o
 .text.xQueueGenericCreate
                0x00000f6a       0x54 FreeRTOS/queue.o
                0x00000f6a                xQueueGenericCreate
 .text.xQueueGenericSend
                0x00000fbe      0x13e FreeRTOS/queue.o
                0x00000fbe                xQueueGenericSend
 .text.xQueueGenericSendFromISR
                0x000010fc       0x8a FreeRTOS/queue.o
                0x000010fc                xQueueGenericSendFromISR
 .text.xQueueReceive
                0x00001186      0x13e FreeRTOS/queue.o
                0x00001186                xQueueReceive
 .text.uxQueueMessagesWaiting
                0x000012c4       0x18 FreeRTOS/queue.o
                0x000012c4                uxQueueMessagesWaiting
 .text.vQueueWaitForMessageRestricted
                0x000012dc       0x42 FreeRTOS/queue.o
                0x000012dc                vQueueWaitForMessageRestricted
 .text.prvResetNextTaskUnblockTime
                0x0000131e       0x54 FreeRTOS/tasks.o
 .text.prvInitialiseNewTask
                0x00001372      0x106 FreeRTOS/tasks.o
 .text.prvInitialiseTaskLists
                0x00001478       0x58 FreeRTOS/tasks.o
 .text.prvAddNewTaskToReadyList
                0x000014d0       0xb6 FreeRTOS/tasks.o
 .text.prvAddCurrentTaskToDelayedList
                0x00001586       0xee FreeRTOS/tasks.o
 .text.prvIdleTask
                0x00001674       0x12 FreeRTOS/tasks.o
 .text.xTaskCreate
                0x00001686       0xa8 FreeRTOS/tasks.o
                0x00001686                xTaskCreate
 .text.vTaskStartScheduler
                0x0000172e       0x76 FreeRTOS/tasks.o
                0x0000172e                vTaskStartScheduler
 .text.vTaskSuspendAll
                0x000017a4        0xc FreeRTOS/tasks.o
                0x000017a4                vTaskSuspendAll
 .text.xTaskGetTickCount
                0x000017b0       0x24 FreeRTOS/tasks.o
                0x000017b0                xTaskGetTickCount
 .text.xTaskIncrementTick
                0x000017d4      0x1a0 FreeRTOS/tasks.o
                0x000017d4                xTaskIncrementTick
 .text.xTaskResumeAll
                0x00001974       0xe0 FreeRTOS/tasks.o
                0x00001974                xTaskResumeAll
 .text.vTaskDelay
                0x00001a54       0x3c FreeRTOS/tasks.o
                0x00001a54                vTaskDelay
 .text.vTaskSwitchContext
                0x00001a90      0x102 FreeRTOS/tasks.o
                0x00001a90                vTaskSwitchContext
 .text.vTaskPlaceOnEventList
                0x00001b92       0x30 FreeRTOS/tasks.o
                0x00001b92                vTaskPlaceOnEventList
 .text.vTaskPlaceOnUnorderedEventList
                0x00001bc2       0x4a FreeRTOS/tasks.o
                0x00001bc2                vTaskPlaceOnUnorderedEventList
 .text.vTaskPlaceOnEventListRestricted
                0x00001c0c       0x42 FreeRTOS/tasks.o
                0x00001c0c                vTaskPlaceOnEventListRestricted
 .text.xTaskRemoveFromEventList
                0x00001c4e       0x84 FreeRTOS/tasks.o
                0x00001c4e                xTaskRemoveFromEventList
 .text.vTaskRemoveFromUnorderedEventList
                0x00001cd2       0x68 FreeRTOS/tasks.o
                0x00001cd2                vTaskRemoveFromUnorderedEventList
 .text.vTaskInternalSetTimeOutState
                0x00001d3a       0x22 FreeRTOS/tasks.o
                0x00001d3a                vTaskInternalSetTimeOutState
 .text.xTaskCheckForTimeOut
                0x00001d5c       0xd0 FreeRTOS/tasks.o
                0x00001d5c                xTaskCheckForTimeOut
 .text.vTaskMissedYield
                0x00001e2c        0x8 FreeRTOS/tasks.o
                0x00001e2c                vTaskMissedYield
 .text.xTaskGetSchedulerState
                0x00001e34       0x1c FreeRTOS/tasks.o
                0x00001e34                xTaskGetSchedulerState
 .text.uxTaskResetEventItemValue
                0x00001e50       0x50 FreeRTOS/tasks.o
                0x00001e50                uxTaskResetEventItemValue
 .text.prvGetNextExpireTime
                0x00001ea0       0x30 FreeRTOS/timers.o
 .text.prvInsertTimerInActiveList
                0x00001ed0       0x92 FreeRTOS/timers.o
 .text.prvCheckForValidListAndQueue
                0x00001f62       0x5a FreeRTOS/timers.o
 .text.xTimerCreateTimerTask
                0x00001fbc       0x44 FreeRTOS/timers.o
                0x00001fbc                xTimerCreateTimerTask
 .text.xTimerGenericCommand
                0x00002000       0xb2 FreeRTOS/timers.o
                0x00002000                xTimerGenericCommand
 .text.prvSwitchTimerLists
                0x000020b2       0xd2 FreeRTOS/timers.o
 .text.prvSampleTimeNow
                0x00002184       0x5e FreeRTOS/timers.o
 .text.prvProcessExpiredTimer
                0x000021e2       0xaa FreeRTOS/timers.o
 .text.prvProcessTimerOrBlockTask
                0x0000228c       0xb2 FreeRTOS/timers.o
 .text.prvProcessReceivedCommands
                0x0000233e      0x15a FreeRTOS/timers.o
 .text.prvTimerTask
                0x00002498       0x1e FreeRTOS/timers.o
 .text.xTimerPendFunctionCallFromISR
                0x000024b6       0x4c FreeRTOS/timers.o
                0x000024b6                xTimerPendFunctionCallFromISR
 .text.vInitClock
                0x00002502       0x72 init.o
                0x00002502                vInitClock
 .text.vPiLeibniz
                0x00002574       0x8e main.o
                0x00002574                vPiLeibniz
 .text.vCompare
                0x00002602       0x3e main.o
                0x00002602                vCompare
 .text.vVietaPi
                0x00002640       0x78 main.o
                0x00002640                vVietaPi
 .text.vDisplaytask
                0x000026b8      0x12c main.o
                0x000026b8                vDisplaytask
 .text.controllerTask
                0x000027e4       0x9c main.o
                0x000027e4                controllerTask
 .text.vApplicationIdleHook
                0x00002880        0x2 main.o
                0x00002880                vApplicationIdleHook
 .text.main     0x00002882       0x8e main.o
                0x00002882                main
 .text.normalize
                0x00002910       0x96 NHD0420Driver.o
 .text.ftoa_fixed
                0x000029a6      0x1f4 NHD0420Driver.o
 .text.ftoa_sci
                0x00002b9a      0x1d0 NHD0420Driver.o
 .text.display_vprintf
                0x00002d6a      0x328 NHD0420Driver.o
 .text.__vector_108
                0x00003092       0x86 NHD0420Driver.o
                0x00003092                __vector_108
 .text.delayUS  0x00003118       0xca NHD0420Driver.o
                0x00003118                delayUS
 .text.setPort  0x000031e2       0x1a NHD0420Driver.o
                0x000031e2                setPort
 .text.setRS    0x000031fc       0x14 NHD0420Driver.o
                0x000031fc                setRS
 .text.setRW    0x00003210       0x14 NHD0420Driver.o
                0x00003210                setRW
 .text.setE     0x00003224       0x14 NHD0420Driver.o
                0x00003224                setE
 .text.Nybble   0x00003238       0x1a NHD0420Driver.o
                0x00003238                Nybble
 .text.command  0x00003252       0x2c NHD0420Driver.o
                0x00003252                command
 .text.write    0x0000327e       0x2c NHD0420Driver.o
                0x0000327e                write
 .text.vInitDisplay
                0x000032aa       0x88 NHD0420Driver.o
                0x000032aa                vInitDisplay
 .text._displaySetPos
                0x00003332       0x4e NHD0420Driver.o
                0x00003332                _displaySetPos
 .text._displayWriteChar
                0x00003380       0x12 NHD0420Driver.o
                0x00003380                _displayWriteChar
 .text._displayWriteString
                0x00003392       0x32 NHD0420Driver.o
                0x00003392                _displayWriteString
 .text._displayWriteStringAtPos
                0x000033c4       0x16 NHD0420Driver.o
                0x000033c4                _displayWriteStringAtPos
 .text.vDisplayUpdateTask
                0x000033da      0x1e8 NHD0420Driver.o
                0x000033da                vDisplayUpdateTask
 .text.vDisplayWriteStringAtPos
                0x000035c2       0x24 NHD0420Driver.o
                0x000035c2                vDisplayWriteStringAtPos
 .text.avr-libc.fplib
                0x000035e6        0xe c:/program files (x86)/atmel/studio/7.0/toolchain/avr8/avr8-gnu-toolchain/bin/../lib/gcc/avr/5.4.0/../../../../avr/lib/avrxmega6\libm.a(addsf3.o)
                0x000035e6                __subsf3
                0x000035e8                __addsf3
 .text.avr-libc.fplib
                0x000035f4       0xcc c:/program files (x86)/atmel/studio/7.0/toolchain/avr8/avr8-gnu-toolchain/bin/../lib/gcc/avr/5.4.0/../../../../avr/lib/avrxmega6\libm.a(addsf3x.o)
                0x00003616                __addsf3x
 .text.avr-libc.fplib
                0x000036c0        0xa c:/program files (x86)/atmel/studio/7.0/toolchain/avr8/avr8-gnu-toolchain/bin/../lib/gcc/avr/5.4.0/../../../../avr/lib/avrxmega6\libm.a(cmpsf2.o)
                0x000036c0                __nesf2
                0x000036c0                __eqsf2
                0x000036c0                __cmpsf2
                0x000036c0                __ltsf2
                0x000036c0                __lesf2
 .text.avr-libc.fplib
                0x000036ca        0x8 c:/program files (x86)/atmel/studio/7.0/toolchain/avr8/avr8-gnu-toolchain/bin/../lib/gcc/avr/5.4.0/../../../../avr/lib/avrxmega6\libm.a(divsf3.o)
                0x000036ca                __divsf3
 .text.avr-libc.fplib
                0x000036d2       0xdc c:/program files (x86)/atmel/studio/7.0/toolchain/avr8/avr8-gnu-toolchain/bin/../lib/gcc/avr/5.4.0/../../../../avr/lib/avrxmega6\libm.a(divsf3x.o)
                0x000036f2                __divsf3x
                0x000036f8                __divsf3_pse
 .text.avr-libc.fplib
                0x000037ae        0xe c:/program files (x86)/atmel/studio/7.0/toolchain/avr8/avr8-gnu-toolchain/bin/../lib/gcc/avr/5.4.0/../../../../avr/lib/avrxmega6\libm.a(fixsfsi.o)
                0x000037ae                __fixsfsi
 .text.avr-libc.fplib
                0x000037bc       0x5e c:/program files (x86)/atmel/studio/7.0/toolchain/avr8/avr8-gnu-toolchain/bin/../lib/gcc/avr/5.4.0/../../../../avr/lib/avrxmega6\libm.a(fixunssfsi.o)
                0x000037bc                __fixunssfsi
 .text.avr-libc.fplib
                0x0000381a       0x7a c:/program files (x86)/atmel/studio/7.0/toolchain/avr8/avr8-gnu-toolchain/bin/../lib/gcc/avr/5.4.0/../../../../avr/lib/avrxmega6\libm.a(floatsisf.o)
                0x0000381a                __floatunsisf
                0x0000381e                __floatsisf
 .text.avr-libc.fplib
                0x00003894       0x48 c:/program files (x86)/atmel/studio/7.0/toolchain/avr8/avr8-gnu-toolchain/bin/../lib/gcc/avr/5.4.0/../../../../avr/lib/avrxmega6\libm.a(fp_cmp.o)
                0x00003894                __fp_cmp
 .text.avr-libc.fplib
                0x000038dc        0xc c:/program files (x86)/atmel/studio/7.0/toolchain/avr8/avr8-gnu-toolchain/bin/../lib/gcc/avr/5.4.0/../../../../avr/lib/avrxmega6\libm.a(fp_inf.o)
                0x000038dc                __fp_inf
 .text.avr-libc.fplib
                0x000038e8        0x6 c:/program files (x86)/atmel/studio/7.0/toolchain/avr8/avr8-gnu-toolchain/bin/../lib/gcc/avr/5.4.0/../../../../avr/lib/avrxmega6\libm.a(fp_nan.o)
                0x000038e8                __fp_nan
 .text.avr-libc.fplib
                0x000038ee        0xe c:/program files (x86)/atmel/studio/7.0/toolchain/avr8/avr8-gnu-toolchain/bin/../lib/gcc/avr/5.4.0/../../../../avr/lib/avrxmega6\libm.a(fp_pscA.o)
                0x000038ee                __fp_pscA
 .text.avr-libc.fplib
                0x000038fc        0xe c:/program files (x86)/atmel/studio/7.0/toolchain/avr8/avr8-gnu-toolchain/bin/../lib/gcc/avr/5.4.0/../../../../avr/lib/avrxmega6\libm.a(fp_pscB.o)
                0x000038fc                __fp_pscB
 .text.avr-libc.fplib
                0x0000390a       0x22 c:/program files (x86)/atmel/studio/7.0/toolchain/avr8/avr8-gnu-toolchain/bin/../lib/gcc/avr/5.4.0/../../../../avr/lib/avrxmega6\libm.a(fp_round.o)
                0x0000390a                __fp_round
 .text.avr-libc.fplib
                0x0000392c       0x44 c:/program files (x86)/atmel/studio/7.0/toolchain/avr8/avr8-gnu-toolchain/bin/../lib/gcc/avr/5.4.0/../../../../avr/lib/avrxmega6\libm.a(fp_split3.o)
                0x0000392c                __fp_split3
                0x0000393c                __fp_splitA
 .text.avr-libc.fplib
                0x00003970        0xe c:/program files (x86)/atmel/studio/7.0/toolchain/avr8/avr8-gnu-toolchain/bin/../lib/gcc/avr/5.4.0/../../../../avr/lib/avrxmega6\libm.a(fp_zero.o)
                0x00003970                __fp_zero
                0x00003972                __fp_szero
 .text.avr-libc.fplib
                0x0000397e        0xa c:/program files (x86)/atmel/studio/7.0/toolchain/avr8/avr8-gnu-toolchain/bin/../lib/gcc/avr/5.4.0/../../../../avr/lib/avrxmega6\libm.a(gesf2.o)
                0x0000397e                __gesf2
                0x0000397e                __gtsf2
 .text.avr-libc.fplib
                0x00003988        0x8 c:/program files (x86)/atmel/studio/7.0/toolchain/avr8/avr8-gnu-toolchain/bin/../lib/gcc/avr/5.4.0/../../../../avr/lib/avrxmega6\libm.a(mulsf3.o)
                0x00003988                __mulsf3
 .text.avr-libc.fplib
                0x00003990       0xd2 c:/program files (x86)/atmel/studio/7.0/toolchain/avr8/avr8-gnu-toolchain/bin/../lib/gcc/avr/5.4.0/../../../../avr/lib/avrxmega6\libm.a(mulsf3x.o)
                0x000039ae                __mulsf3x
                0x000039b4                __mulsf3_pse
 .text.avr-libc.fplib
                0x00003a62       0x8c c:/program files (x86)/atmel/studio/7.0/toolchain/avr8/avr8-gnu-toolchain/bin/../lib/gcc/avr/5.4.0/../../../../avr/lib/avrxmega6\libm.a(sqrt.o)
                0x00003a6e                sqrtf
                0x00003a6e                sqrt
 .text.avr-libc.fplib
                0x00003aee       0x1c c:/program files (x86)/atmel/studio/7.0/toolchain/avr8/avr8-gnu-toolchain/bin/../lib/gcc/avr/5.4.0/../../../../avr/lib/avrxmega6\libm.a(fp_mpack.o)
                0x00003aee                __fp_mpack
                0x00003af2                __fp_mpack_finite
 .text.avr-libc.fplib
                0x00003b0a        0xe c:/program files (x86)/atmel/studio/7.0/toolchain/avr8/avr8-gnu-toolchain/bin/../lib/gcc/avr/5.4.0/../../../../avr/lib/avrxmega6\libm.a(fp_norm2.o)
                0x00003b0a                __fp_norm2
 .text.libgcc.div
                0x00003b18       0x28 c:/program files (x86)/atmel/studio/7.0/toolchain/avr8/avr8-gnu-toolchain/bin/../lib/gcc/avr/5.4.0/avrxmega6\libgcc.a(_divmodhi4.o)
                0x00003b18                _div
                0x00003b18                __divmodhi4
 .text.libgcc   0x00003b40       0x10 c:/program files (x86)/atmel/studio/7.0/toolchain/avr8/avr8-gnu-toolchain/bin/../lib/gcc/avr/5.4.0/avrxmega6\libgcc.a(_tablejump2.o)
                0x00003b40                __tablejump2__
 .text.libgcc.div
                0x00003b50       0x28 c:/program files (x86)/atmel/studio/7.0/toolchain/avr8/avr8-gnu-toolchain/bin/../lib/gcc/avr/5.4.0/avrxmega6\libgcc.a(_udivmodhi4.o)
                0x00003b50                __udivmodhi4
 .text.avr-libc
                0x00003b78       0x12 c:/program files (x86)/atmel/studio/7.0/toolchain/avr8/avr8-gnu-toolchain/bin/../lib/gcc/avr/5.4.0/../../../../avr/lib/avrxmega6\libc.a(memcpy.o)
                0x00003b78                memcpy
 .text.avr-libc
                0x00003b8a        0xe c:/program files (x86)/atmel/studio/7.0/toolchain/avr8/avr8-gnu-toolchain/bin/../lib/gcc/avr/5.4.0/../../../../avr/lib/avrxmega6\libc.a(memset.o)
                0x00003b8a                memset
 .text.avr-libc
                0x00003b98       0x16 c:/program files (x86)/atmel/studio/7.0/toolchain/avr8/avr8-gnu-toolchain/bin/../lib/gcc/avr/5.4.0/../../../../avr/lib/avrxmega6\libc.a(itoa_ncheck.o)
                0x00003b98                __itoa_ncheck
 .text.avr-libc
                0x00003bae       0x34 c:/program files (x86)/atmel/studio/7.0/toolchain/avr8/avr8-gnu-toolchain/bin/../lib/gcc/avr/5.4.0/../../../../avr/lib/avrxmega6\libc.a(utoa_ncheck.o)
                0x00003bae                __utoa_ncheck
                0x00003bb0                __utoa_common
 .text.avr-libc
                0x00003be2       0x52 c:/program files (x86)/atmel/studio/7.0/toolchain/avr8/avr8-gnu-toolchain/bin/../lib/gcc/avr/5.4.0/../../../../avr/lib/avrxmega6\libc.a(sprintf.o)
                0x00003be2                sprintf
 .text.avr-libc
                0x00003c34      0x408 c:/program files (x86)/atmel/studio/7.0/toolchain/avr8/avr8-gnu-toolchain/bin/../lib/gcc/avr/5.4.0/../../../../avr/lib/avrxmega6\libc.a(vfprintf_std.o)
                0x00003c34                vfprintf
 .text.avr-libc
                0x0000403c       0x16 c:/program files (x86)/atmel/studio/7.0/toolchain/avr8/avr8-gnu-toolchain/bin/../lib/gcc/avr/5.4.0/../../../../avr/lib/avrxmega6\libc.a(strnlen_P.o)
                0x0000403c                strnlen_P
 .text.avr-libc
                0x00004052       0x16 c:/program files (x86)/atmel/studio/7.0/toolchain/avr8/avr8-gnu-toolchain/bin/../lib/gcc/avr/5.4.0/../../../../avr/lib/avrxmega6\libc.a(strnlen.o)
                0x00004052                strnlen
 .text.avr-libc
                0x00004068       0x20 c:/program files (x86)/atmel/studio/7.0/toolchain/avr8/avr8-gnu-toolchain/bin/../lib/gcc/avr/5.4.0/../../../../avr/lib/avrxmega6\libc.a(strrev.o)
                0x00004068                strrev
 .text.avr-libc
                0x00004088       0x78 c:/program files (x86)/atmel/studio/7.0/toolchain/avr8/avr8-gnu-toolchain/bin/../lib/gcc/avr/5.4.0/../../../../avr/lib/avrxmega6\libc.a(fputc.o)
                0x00004088                fputc
 .text.avr-libc
                0x00004100       0xbc c:/program files (x86)/atmel/studio/7.0/toolchain/avr8/avr8-gnu-toolchain/bin/../lib/gcc/avr/5.4.0/../../../../avr/lib/avrxmega6\libc.a(ultoa_invert.o)
                0x00004100                __ultoa_invert
                0x000041bc                . = ALIGN (0x2)
 *(.fini9)
 .fini9         0x000041bc        0x0 c:/program files (x86)/atmel/studio/7.0/toolchain/avr8/avr8-gnu-toolchain/bin/../lib/gcc/avr/5.4.0/avrxmega6\libgcc.a(_exit.o)
                0x000041bc                _exit
                0x000041bc                exit
 *(.fini9)
 *(.fini8)
 *(.fini8)
 *(.fini7)
 *(.fini7)
 *(.fini6)
 *(.fini6)
 *(.fini5)
 *(.fini5)
 *(.fini4)
 *(.fini4)
 *(.fini3)
 *(.fini3)
 *(.fini2)
 *(.fini2)
 *(.fini1)
 *(.fini1)
 *(.fini0)
 .fini0         0x000041bc        0x4 c:/program files (x86)/atmel/studio/7.0/toolchain/avr8/avr8-gnu-toolchain/bin/../lib/gcc/avr/5.4.0/avrxmega6\libgcc.a(_exit.o)
 *(.fini0)
                0x000041c0                _etext = .

.data           0x00802000       0x76 load address 0x000041c0
                0x00802000                PROVIDE (__data_start, .)
 *(.data)
 *(.data*)
 .data.RefPi    0x00802000        0x4 main.o
                0x00802000                RefPi
 *(.gnu.linkonce.d*)
 *(.rodata)
 *(.rodata*)
 .rodata.str1.1
                0x00802004        0x5 FreeRTOS/tasks.o
 .rodata.str1.1
                0x00802009        0x8 FreeRTOS/timers.o
 .rodata.str1.1
                0x00802011       0x5a main.o
                                 0x63 (size before relaxing)
 .rodata.str1.1
                0x0080206b        0xb NHD0420Driver.o
 *(.gnu.linkonce.r*)
                0x00802076                . = ALIGN (0x2)
                0x00802076                _edata = .
                0x00802076                PROVIDE (__data_end, .)

.bss            0x00802076     0x1075
                0x00802076                PROVIDE (__bss_start, .)
 *(.bss)
 *(.bss*)
 .bss.b4Count.3832
                0x00802076        0x2 ButtonHandler.o
 .bss.b3Count.3831
                0x00802078        0x2 ButtonHandler.o
 .bss.b2Count.3830
                0x0080207a        0x2 ButtonHandler.o
 .bss.b1Count.3829
                0x0080207c        0x2 ButtonHandler.o
 .bss.xNextFreeByte
                0x0080207e        0x2 FreeRTOS/heap_1.o
 .bss.xHeap     0x00802080      0xfa0 FreeRTOS/heap_1.o
 .bss.uxSchedulerSuspended
                0x00803020        0x1 FreeRTOS/tasks.o
 .bss.xIdleTaskHandle
                0x00803021        0x2 FreeRTOS/tasks.o
 .bss.xNextTaskUnblockTime
                0x00803023        0x4 FreeRTOS/tasks.o
 .bss.uxTaskNumber
                0x00803027        0x1 FreeRTOS/tasks.o
 .bss.xNumOfOverflows
                0x00803028        0x1 FreeRTOS/tasks.o
 .bss.xYieldPending
                0x00803029        0x1 FreeRTOS/tasks.o
 .bss.uxPendedTicks
                0x0080302a        0x1 FreeRTOS/tasks.o
 .bss.xSchedulerRunning
                0x0080302b        0x1 FreeRTOS/tasks.o
 .bss.uxTopReadyPriority
                0x0080302c        0x1 FreeRTOS/tasks.o
 .bss.xTickCount
                0x0080302d        0x4 FreeRTOS/tasks.o
 .bss.uxCurrentNumberOfTasks
                0x00803031        0x1 FreeRTOS/tasks.o
 .bss.xSuspendedTaskList
                0x00803032        0xb FreeRTOS/tasks.o
 .bss.xPendingReadyList
                0x0080303d        0xb FreeRTOS/tasks.o
 .bss.pxOverflowDelayedTaskList
                0x00803048        0x2 FreeRTOS/tasks.o
 .bss.pxDelayedTaskList
                0x0080304a        0x2 FreeRTOS/tasks.o
 .bss.xDelayedTaskList2
                0x0080304c        0xb FreeRTOS/tasks.o
 .bss.xDelayedTaskList1
                0x00803057        0xb FreeRTOS/tasks.o
 .bss.pxReadyTasksLists
                0x00803062       0x2c FreeRTOS/tasks.o
 .bss.pxCurrentTCB
                0x0080308e        0x2 FreeRTOS/tasks.o
                0x0080308e                pxCurrentTCB
 .bss.xLastTime.4745
                0x00803090        0x4 FreeRTOS/timers.o
 .bss.xTimerTaskHandle
                0x00803094        0x2 FreeRTOS/timers.o
 .bss.xTimerQueue
                0x00803096        0x2 FreeRTOS/timers.o
 .bss.pxOverflowTimerList
                0x00803098        0x2 FreeRTOS/timers.o
 .bss.pxCurrentTimerList
                0x0080309a        0x2 FreeRTOS/timers.o
 .bss.xActiveTimerList2
                0x0080309c        0xb FreeRTOS/timers.o
 .bss.xActiveTimerList1
                0x008030a7        0xb FreeRTOS/timers.o
 .bss.VietaPi   0x008030b2        0x4 main.o
                0x008030b2                VietaPi
 .bss.LeibnizPi
                0x008030b6        0x4 main.o
                0x008030b6                LeibnizPi
 .bss.str.4996  0x008030ba       0x14 NHD0420Driver.o
 .bss.buffer.4995
                0x008030ce       0x14 NHD0420Driver.o
 *(COMMON)
 COMMON         0x008030e2        0x4 ButtonHandler.o
                0x008030e2                b1Status
                0x008030e3                b2Status
                0x008030e4                b3Status
                0x008030e5                b4Status
 COMMON         0x008030e6        0x1 FreeRTOS/port.o
                0x008030e6                intTaskSwitchPending
 COMMON         0x008030e7        0x4 NHD0420Driver.o
                0x008030e7                displayLineQueue
                0x008030e9                egDisplayTiming
                0x008030eb                PROVIDE (__bss_end, .)
                0x000041c0                __data_load_start = LOADADDR (.data)
                0x00004236                __data_load_end = (__data_load_start + SIZEOF (.data))

.noinit         0x008030eb        0x0
                [!provide]                PROVIDE (__noinit_start, .)
 *(.noinit*)
                [!provide]                PROVIDE (__noinit_end, .)
                0x008030eb                _end = .
                0x008030eb                PROVIDE (__heap_start, .)

.eeprom         0x00810000        0x0
 *(.eeprom*)
                0x00810000                __eeprom_end = .

.fuse
 *(.fuse)
 *(.lfuse)
 *(.hfuse)
 *(.efuse)

.lock
 *(.lock*)

.signature
 *(.signature*)

.user_signatures
 *(.user_signatures*)

.stab
 *(.stab)

.stabstr
 *(.stabstr)

.stab.excl
 *(.stab.excl)

.stab.exclstr
 *(.stab.exclstr)

.stab.index
 *(.stab.index)

.stab.indexstr
 *(.stab.indexstr)

.comment        0x00000000       0x5c
 *(.comment)
 .comment       0x00000000       0x30 ButtonHandler.o
                                 0x31 (size before relaxing)
 .comment       0x00000030       0x31 driver/clksys_driver.o
 .comment       0x00000030       0x31 driver/TC_driver.o
 .comment       0x00000030       0x31 errorHandler.o
 .comment       0x00000030       0x31 FreeRTOS/event_groups.o
 .comment       0x00000030       0x31 FreeRTOS/heap_1.o
 .comment       0x00000030       0x31 FreeRTOS/list.o
 .comment       0x00000030       0x31 FreeRTOS/port.o
 .comment       0x00000030       0x31 FreeRTOS/queue.o
 .comment       0x00000030       0x31 FreeRTOS/tasks.o
 .comment       0x00000030       0x31 FreeRTOS/timers.o
 .comment       0x00000030       0x31 init.o
 .comment       0x00000030       0x31 main.o
 .comment       0x00000030       0x31 mem_check.o
 .comment       0x00000030       0x31 NHD0420Driver.o
 .comment       0x00000030       0x31 c:/program files (x86)/atmel/studio/7.0/toolchain/avr8/avr8-gnu-toolchain/bin/../lib/gcc/avr/5.4.0/../../../../avr/lib/avrxmega6\libc.a(sprintf.o)
 .comment       0x00000030       0x2c c:/program files (x86)/atmel/studio/7.0/toolchain/avr8/avr8-gnu-toolchain/bin/../lib/gcc/avr/5.4.0/../../../../avr/lib/avrxmega6\libc.a(vfprintf_std.o)
                                 0x2d (size before relaxing)
 .comment       0x0000005c       0x31 c:/program files (x86)/atmel/studio/7.0/toolchain/avr8/avr8-gnu-toolchain/bin/../lib/gcc/avr/5.4.0/../../../../avr/lib/avrxmega6\libc.a(fputc.o)

.note.gnu.avr.deviceinfo
                0x00000000       0x40
 .note.gnu.avr.deviceinfo
                0x00000000       0x40 C:/Program Files (x86)/Atmel/Studio/7.0/Packs/atmel/XMEGAA_DFP/1.3.146/gcc/dev/atxmega128a3u/avrxmega6/crtatxmega128a3u.o

.note.gnu.build-id
 *(.note.gnu.build-id)

.debug
 *(.debug)

.line
 *(.line)

.debug_srcinfo
 *(.debug_srcinfo)

.debug_sfnames
 *(.debug_sfnames)

.debug_aranges  0x00000000      0x7f0
 *(.debug_aranges)
 .debug_aranges
                0x00000000       0x30 ButtonHandler.o
 .debug_aranges
                0x00000030       0x68 driver/clksys_driver.o
 .debug_aranges
                0x00000098       0xc8 driver/TC_driver.o
 .debug_aranges
                0x00000160       0x40 errorHandler.o
 .debug_aranges
                0x000001a0       0x88 FreeRTOS/event_groups.o
 .debug_aranges
                0x00000228       0x38 FreeRTOS/heap_1.o
 .debug_aranges
                0x00000260       0x40 FreeRTOS/list.o
 .debug_aranges
                0x000002a0       0x60 FreeRTOS/port.o
 .debug_aranges
                0x00000300      0x108 FreeRTOS/queue.o
 .debug_aranges
                0x00000408      0x1a8 FreeRTOS/tasks.o
 .debug_aranges
                0x000005b0       0xd8 FreeRTOS/timers.o
 .debug_aranges
                0x00000688       0x20 init.o
 .debug_aranges
                0x000006a8       0x50 main.o
 .debug_aranges
                0x000006f8       0x28 mem_check.o
 .debug_aranges
                0x00000720       0xd0 NHD0420Driver.o

.debug_pubnames
 *(.debug_pubnames)

.debug_info     0x00000000     0xe155
 *(.debug_info .gnu.linkonce.wi.*)
 .debug_info    0x00000000     0x3409 C:/Program Files (x86)/Atmel/Studio/7.0/Packs/atmel/XMEGAA_DFP/1.3.146/gcc/dev/atxmega128a3u/avrxmega6/crtatxmega128a3u.o
 .debug_info    0x00003409      0x35d ButtonHandler.o
 .debug_info    0x00003766      0x66f driver/clksys_driver.o
 .debug_info    0x00003dd5     0x1339 driver/TC_driver.o
 .debug_info    0x0000510e      0x1f2 errorHandler.o
 .debug_info    0x00005300      0xc58 FreeRTOS/event_groups.o
 .debug_info    0x00005f58      0x1a0 FreeRTOS/heap_1.o
 .debug_info    0x000060f8      0x2cf FreeRTOS/list.o
 .debug_info    0x000063c7      0xac5 FreeRTOS/port.o
 .debug_info    0x00006e8c     0x1960 FreeRTOS/queue.o
 .debug_info    0x000087ec     0x2252 FreeRTOS/tasks.o
 .debug_info    0x0000aa3e     0x127e FreeRTOS/timers.o
 .debug_info    0x0000bcbc      0x338 init.o
 .debug_info    0x0000bff4      0x757 main.o
 .debug_info    0x0000c74b       0xd4 mem_check.o
 .debug_info    0x0000c81f     0x1936 NHD0420Driver.o

.debug_abbrev   0x00000000     0x4cce
 *(.debug_abbrev)
 .debug_abbrev  0x00000000     0x3148 C:/Program Files (x86)/Atmel/Studio/7.0/Packs/atmel/XMEGAA_DFP/1.3.146/gcc/dev/atxmega128a3u/avrxmega6/crtatxmega128a3u.o
 .debug_abbrev  0x00003148      0x111 ButtonHandler.o
 .debug_abbrev  0x00003259      0x19d driver/clksys_driver.o
 .debug_abbrev  0x000033f6      0x178 driver/TC_driver.o
 .debug_abbrev  0x0000356e      0x123 errorHandler.o
 .debug_abbrev  0x00003691      0x1f8 FreeRTOS/event_groups.o
 .debug_abbrev  0x00003889      0x136 FreeRTOS/heap_1.o
 .debug_abbrev  0x000039bf       0xff FreeRTOS/list.o
 .debug_abbrev  0x00003abe      0x28c FreeRTOS/port.o
 .debug_abbrev  0x00003d4a      0x2a8 FreeRTOS/queue.o
 .debug_abbrev  0x00003ff2      0x2ea FreeRTOS/tasks.o
 .debug_abbrev  0x000042dc      0x2a6 FreeRTOS/timers.o
 .debug_abbrev  0x00004582       0xd5 init.o
 .debug_abbrev  0x00004657      0x20d main.o
 .debug_abbrev  0x00004864       0x98 mem_check.o
 .debug_abbrev  0x000048fc      0x3d2 NHD0420Driver.o

.debug_line     0x00000000     0x5025
 *(.debug_line .debug_line.* .debug_line_end)
 .debug_line    0x00000000      0x39d C:/Program Files (x86)/Atmel/Studio/7.0/Packs/atmel/XMEGAA_DFP/1.3.146/gcc/dev/atxmega128a3u/avrxmega6/crtatxmega128a3u.o
 .debug_line    0x0000039d      0x25f ButtonHandler.o
 .debug_line    0x000005fc      0x255 driver/clksys_driver.o
 .debug_line    0x00000851      0x314 driver/TC_driver.o
 .debug_line    0x00000b65      0x187 errorHandler.o
 .debug_line    0x00000cec      0x516 FreeRTOS/event_groups.o
 .debug_line    0x00001202      0x14c FreeRTOS/heap_1.o
 .debug_line    0x0000134e      0x1ea FreeRTOS/list.o
 .debug_line    0x00001538      0x3b0 FreeRTOS/port.o
 .debug_line    0x000018e8      0xd48 FreeRTOS/queue.o
 .debug_line    0x00002630     0x13c5 FreeRTOS/tasks.o
 .debug_line    0x000039f5      0x632 FreeRTOS/timers.o
 .debug_line    0x00004027      0x179 init.o
 .debug_line    0x000041a0      0x2e3 main.o
 .debug_line    0x00004483       0x7e mem_check.o
 .debug_line    0x00004501      0xb24 NHD0420Driver.o

.debug_frame    0x00000000     0x1b10
 *(.debug_frame)
 .debug_frame   0x00000000       0x44 ButtonHandler.o
 .debug_frame   0x00000044       0xdc driver/clksys_driver.o
 .debug_frame   0x00000120      0x174 driver/TC_driver.o
 .debug_frame   0x00000294       0x64 errorHandler.o
 .debug_frame   0x000002f8      0x240 FreeRTOS/event_groups.o
 .debug_frame   0x00000538       0x60 FreeRTOS/heap_1.o
 .debug_frame   0x00000598       0x90 FreeRTOS/list.o
 .debug_frame   0x00000628       0xc8 FreeRTOS/port.o
 .debug_frame   0x000006f0      0x420 FreeRTOS/queue.o
 .debug_frame   0x00000b10      0x754 FreeRTOS/tasks.o
 .debug_frame   0x00001264      0x420 FreeRTOS/timers.o
 .debug_frame   0x00001684       0x24 init.o
 .debug_frame   0x000016a8       0xb4 main.o
 .debug_frame   0x0000175c       0x34 mem_check.o
 .debug_frame   0x00001790      0x380 NHD0420Driver.o

.debug_str      0x00000000     0x5642
 *(.debug_str)
 .debug_str     0x00000000     0x223b C:/Program Files (x86)/Atmel/Studio/7.0/Packs/atmel/XMEGAA_DFP/1.3.146/gcc/dev/atxmega128a3u/avrxmega6/crtatxmega128a3u.o
 .debug_str     0x0000223b      0x322 ButtonHandler.o
                                0x356 (size before relaxing)
 .debug_str     0x0000255d      0x640 driver/clksys_driver.o
                                0x7d2 (size before relaxing)
 .debug_str     0x00002b9d      0xb24 driver/TC_driver.o
                                0xccf (size before relaxing)
 .debug_str     0x000036c1       0xaa errorHandler.o
                                0x25b (size before relaxing)
 .debug_str     0x0000376b      0x53a FreeRTOS/event_groups.o
                                0x759 (size before relaxing)
 .debug_str     0x00003ca5       0x8a FreeRTOS/heap_1.o
                                0x230 (size before relaxing)
 .debug_str     0x00003d2f       0x90 FreeRTOS/list.o
                                0x2c6 (size before relaxing)
 .debug_str     0x00003dbf      0x141 FreeRTOS/port.o
                                0x856 (size before relaxing)
 .debug_str     0x00003f00      0x543 FreeRTOS/queue.o
                                0x947 (size before relaxing)
 .debug_str     0x00004443      0x972 FreeRTOS/tasks.o
                                0xff7 (size before relaxing)
 .debug_str     0x00004db5      0x4d4 FreeRTOS/timers.o
                                0x8f2 (size before relaxing)
 .debug_str     0x00005289       0x17 init.o
                                0x517 (size before relaxing)
 .debug_str     0x000052a0      0x144 main.o
                                0x3c2 (size before relaxing)
 .debug_str     0x000053e4       0x49 mem_check.o
                                0x1bb (size before relaxing)
 .debug_str     0x0000542d      0x215 NHD0420Driver.o
                                0xac1 (size before relaxing)

.debug_loc      0x00000000     0x8afa
 *(.debug_loc)
 .debug_loc     0x00000000       0x85 ButtonHandler.o
 .debug_loc     0x00000085      0x2be driver/clksys_driver.o
 .debug_loc     0x00000343      0x338 driver/TC_driver.o
 .debug_loc     0x0000067b       0x6d errorHandler.o
 .debug_loc     0x000006e8      0xf66 FreeRTOS/event_groups.o
 .debug_loc     0x0000164e       0xf1 FreeRTOS/heap_1.o
 .debug_loc     0x0000173f      0x17d FreeRTOS/list.o
 .debug_loc     0x000018bc      0x36c FreeRTOS/port.o
 .debug_loc     0x00001c28     0x1c9d FreeRTOS/queue.o
 .debug_loc     0x000038c5     0x27ca FreeRTOS/tasks.o
 .debug_loc     0x0000608f     0x13ac FreeRTOS/timers.o
 .debug_loc     0x0000743b      0x22f main.o
 .debug_loc     0x0000766a       0x4c mem_check.o
 .debug_loc     0x000076b6     0x1444 NHD0420Driver.o

.debug_macinfo
 *(.debug_macinfo)

.debug_weaknames
 *(.debug_weaknames)

.debug_funcnames
 *(.debug_funcnames)

.debug_typenames
 *(.debug_typenames)

.debug_varnames
 *(.debug_varnames)

.debug_pubtypes
 *(.debug_pubtypes)

.debug_ranges   0x00000000      0x7d0
 *(.debug_ranges)
 .debug_ranges  0x00000000       0x20 ButtonHandler.o
 .debug_ranges  0x00000020       0x58 driver/clksys_driver.o
 .debug_ranges  0x00000078       0xb8 driver/TC_driver.o
 .debug_ranges  0x00000130       0x30 errorHandler.o
 .debug_ranges  0x00000160       0x90 FreeRTOS/event_groups.o
 .debug_ranges  0x000001f0       0x28 FreeRTOS/heap_1.o
 .debug_ranges  0x00000218       0x30 FreeRTOS/list.o
 .debug_ranges  0x00000248       0x50 FreeRTOS/port.o
 .debug_ranges  0x00000298      0x140 FreeRTOS/queue.o
 .debug_ranges  0x000003d8      0x1d8 FreeRTOS/tasks.o
 .debug_ranges  0x000005b0       0xc8 FreeRTOS/timers.o
 .debug_ranges  0x00000678       0x10 init.o
 .debug_ranges  0x00000688       0x40 main.o
 .debug_ranges  0x000006c8       0x18 mem_check.o
 .debug_ranges  0x000006e0       0xf0 NHD0420Driver.o

.debug_macro
 *(.debug_macro)
OUTPUT(NYC_PI_CALC.elf elf32-avr)
LOAD linker stubs
